###############################################################################
#
# IAR ELF Linker V7.10.1.6676/W32 for ARM                 26/Aug/2017  10:31:00
# Copyright 2007-2014 IAR Systems AB.
#
#    Output file  =  
#        A:\aaa\fly - DN C
#        V1.4-double1.0\Prj\IAR\DZ10_Debug\Exe\vcan_Kinetis.out
#    Map file     =  
#        A:\aaa\fly - DN C
#        V1.4-double1.0\Prj\IAR\DZ10_Debug\List\vcan_Kinetis.map
#    Command line =  
#        "A:\aaa\fly - DN C V1.4-double1.0\Prj\IAR\DZ10_Debug\Obj\Dis.o"
#        "A:\aaa\fly - DN C V1.4-double1.0\Prj\IAR\DZ10_Debug\Obj\diskio.o"
#        "A:\aaa\fly - DN C V1.4-double1.0\Prj\IAR\DZ10_Debug\Obj\ff.o"
#        "A:\aaa\fly - DN C V1.4-double1.0\Prj\IAR\DZ10_Debug\Obj\Filter.o"
#        "A:\aaa\fly - DN C
#        V1.4-double1.0\Prj\IAR\DZ10_Debug\Obj\FuzzySet_Casu.o" "A:\aaa\fly -
#        DN C V1.4-double1.0\Prj\IAR\DZ10_Debug\Obj\FuzzySet_Speed.o"
#        "A:\aaa\fly - DN C V1.4-double1.0\Prj\IAR\DZ10_Debug\Obj\io.o"
#        "A:\aaa\fly - DN C V1.4-double1.0\Prj\IAR\DZ10_Debug\Obj\Key.o"
#        "A:\aaa\fly - DN C V1.4-double1.0\Prj\IAR\DZ10_Debug\Obj\lcd.o"
#        "A:\aaa\fly - DN C V1.4-double1.0\Prj\IAR\DZ10_Debug\Obj\main.o"
#        "A:\aaa\fly - DN C V1.4-double1.0\Prj\IAR\DZ10_Debug\Obj\misc.o"
#        "A:\aaa\fly - DN C V1.4-double1.0\Prj\IAR\DZ10_Debug\Obj\MK60_adc.o"
#        "A:\aaa\fly - DN C V1.4-double1.0\Prj\IAR\DZ10_Debug\Obj\MK60_conf.o"
#        "A:\aaa\fly - DN C V1.4-double1.0\Prj\IAR\DZ10_Debug\Obj\MK60_dma.o"
#        "A:\aaa\fly - DN C V1.4-double1.0\Prj\IAR\DZ10_Debug\Obj\MK60_DWT.o"
#        "A:\aaa\fly - DN C V1.4-double1.0\Prj\IAR\DZ10_Debug\Obj\MK60_flash.o"
#        "A:\aaa\fly - DN C V1.4-double1.0\Prj\IAR\DZ10_Debug\Obj\MK60_ftm.o"
#        "A:\aaa\fly - DN C V1.4-double1.0\Prj\IAR\DZ10_Debug\Obj\MK60_gpio.o"
#        "A:\aaa\fly - DN C V1.4-double1.0\Prj\IAR\DZ10_Debug\Obj\MK60_i2c.o"
#        "A:\aaa\fly - DN C V1.4-double1.0\Prj\IAR\DZ10_Debug\Obj\MK60_it.o"
#        "A:\aaa\fly - DN C V1.4-double1.0\Prj\IAR\DZ10_Debug\Obj\MK60_lptmr.o"
#        "A:\aaa\fly - DN C V1.4-double1.0\Prj\IAR\DZ10_Debug\Obj\MK60_mcg.o"
#        "A:\aaa\fly - DN C V1.4-double1.0\Prj\IAR\DZ10_Debug\Obj\MK60_PIT.o"
#        "A:\aaa\fly - DN C V1.4-double1.0\Prj\IAR\DZ10_Debug\Obj\MK60_port.o"
#        "A:\aaa\fly - DN C V1.4-double1.0\Prj\IAR\DZ10_Debug\Obj\MK60_sdhc.o"
#        "A:\aaa\fly - DN C V1.4-double1.0\Prj\IAR\DZ10_Debug\Obj\MK60_spi.o"
#        "A:\aaa\fly - DN C
#        V1.4-double1.0\Prj\IAR\DZ10_Debug\Obj\MK60_SysTick.o" "A:\aaa\fly - DN
#        C V1.4-double1.0\Prj\IAR\DZ10_Debug\Obj\MK60_uart.o" "A:\aaa\fly - DN
#        C V1.4-double1.0\Prj\IAR\DZ10_Debug\Obj\MK60_wdog.o" "A:\aaa\fly - DN
#        C V1.4-double1.0\Prj\IAR\DZ10_Debug\Obj\Motor.o" "A:\aaa\fly - DN C
#        V1.4-double1.0\Prj\IAR\DZ10_Debug\Obj\OLED.o" "A:\aaa\fly - DN C
#        V1.4-double1.0\Prj\IAR\DZ10_Debug\Obj\overtake.o" "A:\aaa\fly - DN C
#        V1.4-double1.0\Prj\IAR\DZ10_Debug\Obj\printf.o" "A:\aaa\fly - DN C
#        V1.4-double1.0\Prj\IAR\DZ10_Debug\Obj\Screen.o" "A:\aaa\fly - DN C
#        V1.4-double1.0\Prj\IAR\DZ10_Debug\Obj\SERVO_MOTOR.o" "A:\aaa\fly - DN
#        C V1.4-double1.0\Prj\IAR\DZ10_Debug\Obj\start_chaoce.o" "A:\aaa\fly -
#        DN C V1.4-double1.0\Prj\IAR\DZ10_Debug\Obj\startup_MK60DZ10.o"
#        "A:\aaa\fly - DN C V1.4-double1.0\Prj\IAR\DZ10_Debug\Obj\System.o"
#        "A:\aaa\fly - DN C
#        V1.4-double1.0\Prj\IAR\DZ10_Debug\Obj\system_MK60DZ10.o" "A:\aaa\fly -
#        DN C V1.4-double1.0\Prj\IAR\DZ10_Debug\Obj\VCAN_camera.o" "A:\aaa\fly
#        - DN C V1.4-double1.0\Prj\IAR\DZ10_Debug\Obj\VCAN_computer.o"
#        "A:\aaa\fly - DN C V1.4-double1.0\Prj\IAR\DZ10_Debug\Obj\VCAN_key.o"
#        "A:\aaa\fly - DN C V1.4-double1.0\Prj\IAR\DZ10_Debug\Obj\VCAN_LED.o"
#        "A:\aaa\fly - DN C
#        V1.4-double1.0\Prj\IAR\DZ10_Debug\Obj\VCAN_NRF24L0.o" "A:\aaa\fly - DN
#        C V1.4-double1.0\Prj\IAR\DZ10_Debug\Obj\VCAN_OV7725_Eagle.o"
#        "A:\aaa\fly - DN C V1.4-double1.0\Prj\IAR\DZ10_Debug\Obj\VCAN_SCCB.o"
#        "A:\aaa\fly - DN C V1.4-double1.0\Prj\IAR\DZ10_Debug\Obj\vectors.o"
#        --redirect _Printf=_PrintfLargeNoMb -o "A:\aaa\fly - DN C
#        V1.4-double1.0\Prj\IAR\DZ10_Debug\Exe\vcan_Kinetis.out" --map
#        "A:\aaa\fly - DN C
#        V1.4-double1.0\Prj\IAR\DZ10_Debug\List\vcan_Kinetis.map" --config
#        "A:\aaa\fly - DN C V1.4-double1.0\Prj\IAR\config
#        files\vcan_ROM_K60N512.icf" "A:\aaa\fly - DN C
#        V1.4-double1.0\Prj\IAR\..\..\Lib\CMSIS\iar_cortexM4l_math.a" --entry
#        __iar_program_start --vfe
#
###############################################################################

*******************************************************************************
*** RUNTIME MODEL ATTRIBUTES
***

CppFlavor       = *
__Heap_Handler  = DLMalloc
__SystemLibrary = DLib


*******************************************************************************
*** PLACEMENT SUMMARY
***

"A1":  place at 0x00000000 { ro section .intvec };
"A2":  place at 0x00000410 { ro section .noinit };
"P1":  place in [from 0x00000000 to 0x00080000] { ro, block CodeRelocate };
"P2":  place in [from 0x1fff0410 to 0x20010000] {
          rw, block CodeRelocateRam, block CSTACK, block HEAP };

  Section              Kind        Address     Size  Object
  -------              ----        -------     ----  ------
"A1":                                         0x410
  .intvec              const    0x00000000    0x410  vectors.o [1]
                              - 0x00000410    0x410

"P1", part 1 of 2:                              0x0
  .rodata              const    0x00000410      0x0  zero_init3.o [5]

"A2":                                           0x8
  .noinit              ro code  0x00000410      0x8  startup_MK60DZ10.o [1]
                              - 0x00000418      0x8

"P1", part 2 of 2:                          0x17128
  .text                ro code  0x00000418   0x9fe4  VCAN_camera.o [1]
  .text                ro code  0x0000a3fc     0x3a  ABImemset48.o [5]
  .text                ro code  0x0000a436     0x22  zero_init3.o [5]
  .text                ro code  0x0000a458     0x24  FltCmpGe.o [4]
  .text                ro code  0x0000a47c     0x24  FltCmpLe.o [4]
  .text                ro code  0x0000a4a0    0x138  MK60_gpio.o [1]
  .text                ro code  0x0000a5d8     0x44  FltToS32.o [4]
  .text                ro code  0x0000a61c     0x32  I32ToFlt.o [4]
  .text                ro code  0x0000a650     0xfc  FltDiv.o [4]
  .text                ro code  0x0000a74c     0xe6  FltSub.o [4]
  .text                ro code  0x0000a834     0xd8  FltMul.o [4]
  .text                ro code  0x0000a90c     0x84  FltAdd.o [4]
  .text                ro code  0x0000a990     0x2c  I32ToDbl.o [4]
  .text                ro code  0x0000a9bc    0x1a2  DblMul.o [4]
  .text                ro code  0x0000ab60     0x90  DblToFlt.o [4]
  .text                ro code  0x0000abf0    0x246  DblDiv.o [4]
  .text                ro code  0x0000ae38     0x1c  FltCmpEq.o [4]
  .text                ro code  0x0000ae54     0x4e  FltToDbl.o [4]
  .text                ro code  0x0000aea4     0x2e  DblCmpLe.o [4]
  .text                ro code  0x0000aed4      0x6  ABImemclr4.o [5]
  .text                ro code  0x0000aedc     0x76  ABImemcpy_unaligned.o [5]
  .text                ro code  0x0000af54     0x7c  MK60_port.o [1]
  .text                ro code  0x0000afd0    0x11c  MK60_conf.o [1]
  .text                ro code  0x0000b0ec     0x6c  VCAN_LED.o [1]
  .text                ro code  0x0000b158    0x54c  printf.o [1]
  .text                ro code  0x0000b6a4     0x84  MK60_SysTick.o [1]
  .text                ro code  0x0000b728     0xd8  VCAN_computer.o [1]
  .text                ro code  0x0000b800    0x284  MK60_ftm.o [1]
  .text                ro code  0x0000ba84     0x20  DblCmpEq.o [4]
  .text                ro code  0x0000baa4     0xb8  modf.o [4]
  .text                ro code  0x0000bb5c     0xe8  DblAdd.o [4]
  .text                ro code  0x0000bc44     0x4c  DblToI32.o [4]
  .text                ro code  0x0000bc90      0x8  io.o [1]
  .text                ro code  0x0000bc98     0x36  strlen.o [5]
  .text                ro code  0x0000bcd0    0x210  MK60_uart.o [1]
  .text                ro code  0x0000bee0    0x180  DblSub.o [4]
  .text                ro code  0x0000c060   0x2c40  lcd.o [1]
  .data_init                    0x0000eca0   0x1f18  <Block>
    Initializer bytes  ro data  0x0000eca0   0x1f18  <for .data-1>
  .text                ro code  0x00010bb8   0x19d0  OLED.o [1]
  .text                ro code  0x00012588   0x13f0  VCAN_SCCB.o [1]
  Veneer               ro code  0x00013978      0x8  - Linker created -
  Veneer               ro code  0x00013980      0x8  - Linker created -
  Veneer               ro code  0x00013988      0x8  - Linker created -
  .text                ro code  0x00013990    0xa74  System.o [1]
  .text                ro code  0x00014404    0x260  VCAN_OV7725_Eagle.o [1]
  .text                ro code  0x00014664     0x80  misc.o [1]
  .text                ro code  0x000146e4     0x88  SERVO_MOTOR.o [1]
  .text                ro code  0x0001476c    0x6a8  Motor.o [1]
  .text                ro code  0x00014e14    0x1ac  MK60_adc.o [1]
  .text                ro code  0x00014fc0     0x8c  MK60_PIT.o [1]
  .text                ro code  0x0001504c     0x98  Key.o [1]
  .text                ro code  0x000150e4    0x2ac  MK60_dma.o [1]
  .text                ro code  0x00015390    0x67c  FuzzySet_Speed.o [1]
  .text                ro code  0x00015a0c    0x2e0  FuzzySet_Casu.o [1]
  .text                ro code  0x00015cec    0xa24  overtake.o [1]
  .text                ro code  0x00016710    0x100  Screen.o [1]
  .text                ro code  0x00016810    0x6e4  MK60_it.o [1]
  Veneer               ro code  0x00016ef4      0x8  - Linker created -
  .text                ro code  0x00016efc    0x1e8  MK60_mcg.o [1]
  CodeRelocate                  0x000170e4    0x1bc  <Block>
    Initializer bytes  ro data  0x000170e4    0x1bc  <for CodeRelocateRam-1>
  .text                ro code  0x000172a0     0xd8  main.o [1]
  .text                ro code  0x00017378     0xb4  system_MK60DZ10.o [1]
  .text                ro code  0x0001742c     0x2c  MK60_wdog.o [1]
  .text                ro code  0x00017458      0x6  ABImemclr.o [5]
  .text                ro code  0x00017460     0x5e  ABImemset.o [5]
  .text                ro code  0x000174c0     0x28  data_init.o [5]
  .iar.init_table      const    0x000174e8     0x10  - Linker created -
  .text                ro code  0x000174f8     0x1a  cmain.o [5]
  .text                ro code  0x00017512      0x4  low_level_init.o [3]
  .text                ro code  0x00017516      0x4  exit.o [3]
  .text                ro code  0x0001751c      0xa  cexit.o [5]
  .text                ro code  0x00017528      0xc  XXexit.o [5]
  .text                ro code  0x00017534      0xc  cstartup_M.o [5]
                              - 0x00017540  0x17128

"P2", part 1 of 2:                           0x20d4
  .data                         0x1fff0410   0x1f18  <Block>
    .data-1                     0x1fff0410   0x1f18  <Init block>
      .data            inited   0x1fff0410     0x88  FuzzySet_Casu.o [1]
      .data            inited   0x1fff0498     0x10  FuzzySet_Casu.o [1]
      .data            inited   0x1fff04a8    0x2e4  FuzzySet_Speed.o [1]
      .data            inited   0x1fff078c     0x10  FuzzySet_Speed.o [1]
      .data            inited   0x1fff079c     0x10  FuzzySet_Speed.o [1]
      .data            inited   0x1fff07ac     0x10  FuzzySet_Speed.o [1]
      .data            inited   0x1fff07bc     0x10  FuzzySet_Speed.o [1]
      .data            inited   0x1fff07cc     0x10  FuzzySet_Speed.o [1]
      .data            inited   0x1fff07dc     0x10  FuzzySet_Speed.o [1]
      .data            inited   0x1fff07ec     0x10  FuzzySet_Speed.o [1]
      .data            inited   0x1fff07fc     0x10  FuzzySet_Speed.o [1]
      .data            inited   0x1fff080c     0x10  FuzzySet_Speed.o [1]
      .data            inited   0x1fff081c     0x10  FuzzySet_Speed.o [1]
      .data            inited   0x1fff082c     0x10  FuzzySet_Speed.o [1]
      .data            inited   0x1fff083c     0x10  FuzzySet_Speed.o [1]
      .data            inited   0x1fff084c     0x10  FuzzySet_Speed.o [1]
      .data            inited   0x1fff085c     0x10  FuzzySet_Speed.o [1]
      .data            inited   0x1fff086c     0x10  FuzzySet_Speed.o [1]
      .data            inited   0x1fff087c     0x10  FuzzySet_Speed.o [1]
      .data            inited   0x1fff088c     0x10  FuzzySet_Speed.o [1]
      .data            inited   0x1fff089c     0x10  FuzzySet_Speed.o [1]
      .data            inited   0x1fff08ac      0x4  FuzzySet_Speed.o [1]
      .data            inited   0x1fff08b0      0x4  FuzzySet_Speed.o [1]
      .data            inited   0x1fff08b4      0x4  FuzzySet_Speed.o [1]
      .data            inited   0x1fff08b8      0x4  FuzzySet_Speed.o [1]
      .data            inited   0x1fff08bc      0x4  FuzzySet_Speed.o [1]
      .data            inited   0x1fff08c0      0x4  FuzzySet_Speed.o [1]
      .data            inited   0x1fff08c4      0x1  Key.o [1]
      .data            inited   0x1fff08c8      0x4  main.o [1]
      .data            inited   0x1fff08cc      0x1  main.o [1]
      .data            inited   0x1fff08ce      0x2  main.o [1]
      .data            inited   0x1fff08d0      0x4  main.o [1]
      .data            inited   0x1fff08d4      0x4  main.o [1]
      .data            inited   0x1fff08d8      0x4  main.o [1]
      .data            inited   0x1fff08dc      0x4  main.o [1]
      .data            inited   0x1fff08e0     0x50  main.o [1]
      .data            inited   0x1fff0930      0x8  MK60_adc.o [1]
      .data            inited   0x1fff0938    0x708  MK60_conf.o [1]
      .data            inited   0x1fff1040     0x18  MK60_ftm.o [1]
      .data            inited   0x1fff1058     0x14  MK60_gpio.o [1]
      .data            inited   0x1fff106c     0x48  MK60_mcg.o [1]
      .data            inited   0x1fff10b4     0x14  MK60_port.o [1]
      .data            inited   0x1fff10c8     0x18  MK60_uart.o [1]
      .data            inited   0x1fff10e0      0x2  System.o [1]
      .data            inited   0x1fff10e4    0xff4  VCAN_camera.o [1]
      .data            inited   0x1fff20d8    0x1e0  VCAN_camera.o [1]
      .data            inited   0x1fff22b8      0x4  VCAN_LED.o [1]
      .data            inited   0x1fff22bc     0x6c  VCAN_OV7725_Eagle.o [1]
  CodeRelocateRam               0x1fff2328    0x1bc  <Block>
    CodeRelocateRam-1           0x1fff2328    0x1bc  <Init block>
      Veneer           inited   0x1fff2328      0x8  - Linker created -
      Veneer           inited   0x1fff2330      0x8  - Linker created -
      .textrw          inited   0x1fff2338    0x170  MK60_flash.o [1]
      .textrw          inited   0x1fff24a8     0x3c  MK60_mcg.o [1]
                              - 0x1fff24e4   0x20d4

"P2", part 2 of 2:                           0x61a3
  .bss                          0x1fff24e4   0x61a3  <Block>
    .bss               zero     0x1fff24e4   0x5dc8  main.o [1]
    .bss               zero     0x1fff82ac     0xf0  main.o [1]
    .bss               zero     0x1fff839c     0xf0  main.o [1]
    .bss               zero     0x1fff848c     0xf0  main.o [1]
    .bss               zero     0x1fff857c     0x20  main.o [1]
    .bss               zero     0x1fff859c      0x4  main.o [1]
    .bss               zero     0x1fff85a0      0x4  main.o [1]
    .bss               zero     0x1fff85a4      0x4  main.o [1]
    .bss               zero     0x1fff85a8      0x4  main.o [1]
    .bss               zero     0x1fff85ac      0x4  main.o [1]
    .bss               zero     0x1fff85b0     0x40  MK60_dma.o [1]
    .bss               zero     0x1fff85f0     0x48  Motor.o [1]
    .bss               zero     0x1fff8638     0x18  SERVO_MOTOR.o [1]
    .bss               zero     0x1fff8650      0xc  system_MK60DZ10.o [1]
    .bss               zero     0x1fff865c      0x2  main.o [1]
    .bss               zero     0x1fff865e      0x2  main.o [1]
    .bss               zero     0x1fff8660      0x2  main.o [1]
    .bss               zero     0x1fff8662      0x2  main.o [1]
    .bss               zero     0x1fff8664      0x4  MK60_it.o [1]
    .bss               zero     0x1fff8668      0x2  MK60_it.o [1]
    .bss               zero     0x1fff866a      0x1  main.o [1]
    .bss               zero     0x1fff866b      0x1  main.o [1]
    .bss               zero     0x1fff866c      0x1  main.o [1]
    .bss               zero     0x1fff866d      0x1  main.o [1]
    .bss               zero     0x1fff866e      0x1  main.o [1]
    .bss               zero     0x1fff866f      0x1  main.o [1]
    .bss               zero     0x1fff8670      0x1  main.o [1]
    .bss               zero     0x1fff8671      0x1  main.o [1]
    .bss               zero     0x1fff8672      0x1  main.o [1]
    .bss               zero     0x1fff8673      0x1  main.o [1]
    .bss               zero     0x1fff8674      0x1  main.o [1]
    .bss               zero     0x1fff8675      0x1  main.o [1]
    .bss               zero     0x1fff8676      0x1  main.o [1]
    .bss               zero     0x1fff8677      0x1  main.o [1]
    .bss               zero     0x1fff8678      0x1  main.o [1]
    .bss               zero     0x1fff8679      0x1  main.o [1]
    .bss               zero     0x1fff867a      0x1  main.o [1]
    .bss               zero     0x1fff867b      0x1  main.o [1]
    .bss               zero     0x1fff867c      0x1  main.o [1]
    .bss               zero     0x1fff867d      0x1  main.o [1]
    .bss               zero     0x1fff867e      0x1  main.o [1]
    .bss               zero     0x1fff867f      0x1  main.o [1]
    .bss               zero     0x1fff8680      0x1  main.o [1]
    .bss               zero     0x1fff8681      0x1  main.o [1]
    .bss               zero     0x1fff8682      0x1  main.o [1]
    .bss               zero     0x1fff8683      0x1  main.o [1]
    .bss               zero     0x1fff8684      0x1  main.o [1]
    .bss               zero     0x1fff8685      0x2  overtake.o [1]
                              - 0x1fff8687   0x61a3


*******************************************************************************
*** INIT TABLE
***

          Address     Size
          -------     ----
Zero (__iar_zero_init3)
    1 destination range, total size 0x61a3:
          0x1fff24e4  0x61a3



*******************************************************************************
*** MODULE SUMMARY
***

    Module                 ro code  rw code  ro data  rw data
    ------                 -------  -------  -------  -------
A:\aaa\fly - DN C  V1.4-double1.0\Prj\IAR\DZ10_Debug\Obj: [1]
    FuzzySet_Casu.o            736               152      152
    FuzzySet_Speed.o         1 660             1 052    1 052
    Key.o                      152                 1        1
    MK60_PIT.o                 140
    MK60_SysTick.o             132
    MK60_adc.o                 428                 8        8
    MK60_conf.o                284             1 800    1 800
    MK60_dma.o                 684                         64
    MK60_flash.o                        368      368
    MK60_ftm.o                 644                24       24
    MK60_gpio.o                312                20       20
    MK60_it.o                1 764                          6
    MK60_mcg.o                 488       60      132       72
    MK60_port.o                124                20       20
    MK60_uart.o                528                24       24
    MK60_wdog.o                 44
    Motor.o                  1 704                         72
    OLED.o                   6 608
    SERVO_MOTOR.o              136                         24
    Screen.o                   256
    System.o                 2 676                 2        2
    VCAN_LED.o                 108                 4        4
    VCAN_OV7725_Eagle.o        608               108      108
    VCAN_SCCB.o              5 104
    VCAN_camera.o           40 932             4 566    4 564
    VCAN_computer.o            216
    io.o                         8
    lcd.o                   11 328
    main.o                     216               107   24 918
    misc.o                     128
    overtake.o               2 596                          2
    printf.o                 1 356
    startup_MK60DZ10.o           8
    system_MK60DZ10.o          180                         12
    vectors.o                                  1 040
    ---------------------------------------------------------
    Total:                  82 288      428    9 428   32 949

command line: [2]
    ---------------------------------------------------------
    Total:

dl7M_tlf.a: [3]
    exit.o                       4
    low_level_init.o             4
    ---------------------------------------------------------
    Total:                       8

m7M_tl.a: [4]
    DblAdd.o                   232
    DblCmpEq.o                  32
    DblCmpLe.o                  46
    DblDiv.o                   582
    DblMul.o                   418
    DblSub.o                   384
    DblToFlt.o                 144
    DblToI32.o                  76
    FltAdd.o                   132
    FltCmpEq.o                  28
    FltCmpGe.o                  36
    FltCmpLe.o                  36
    FltDiv.o                   252
    FltMul.o                   216
    FltSub.o                   230
    FltToDbl.o                  78
    FltToS32.o                  68
    I32ToDbl.o                  44
    I32ToFlt.o                  50
    modf.o                     184
    ---------------------------------------------------------
    Total:                   3 268

rt7M_tl.a: [5]
    ABImemclr.o                  6
    ABImemclr4.o                 6
    ABImemcpy_unaligned.o      118
    ABImemset.o                 94
    ABImemset48.o               58
    XXexit.o                    12
    cexit.o                     10
    cmain.o                     26
    cstartup_M.o                12
    data_init.o                 40
    strlen.o                    54
    zero_init3.o                34
    ---------------------------------------------------------
    Total:                     470

    Gaps                        26                          6
    Linker created              32       16       32
-------------------------------------------------------------
    Grand Total:            86 092      444    9 460   32 955


*******************************************************************************
*** ENTRY LIST
***

Entry                      Address    Size  Type      Object
-----                      -------    ----  ----      ------
.bss$$Base              0x1fff24e4           --   Gb  - Linker created -
.bss$$Limit             0x1fff8687           --   Gb  - Linker created -
.data$$Base             0x1fff0410           --   Gb  - Linker created -
.data$$Limit            0x1fff2328           --   Gb  - Linker created -
.data_init$$Base        0x0000eca0           --   Gb  - Linker created -
.data_init$$Limit       0x00010bb8           --   Gb  - Linker created -
?main                   0x000174f9          Code  Gb  cmain.o [5]
ADCN                    0x1fff0930     0x8  Data  Gb  MK60_adc.o [1]
ASSERT_FAILED_STR       0x0000b0c8    0x24  Data  Gb  MK60_conf.o [1]
Address_set             0x0000e3c1   0x836  Code  Gb  lcd.o [1]
Battery_voltage         0x00013d3b   0x12a  Code  Gb  System.o [1]
Car_Start_flag          0x1fff866b     0x1  Data  Gb  main.o [1]
Car_Start_flag2         0x1fff866c     0x1  Data  Gb  main.o [1]
Car_Stop_flag           0x1fff866a     0x1  Data  Gb  main.o [1]
CodeRelocate$$Base      0x000170e4           --   Gb  - Linker created -
CodeRelocate$$Limit     0x000172a0           --   Gb  - Linker created -
CodeRelocateRam$$Base   0x1fff2328           --   Gb  - Linker created -
CodeRelocateRam$$Limit  0x1fff24e4           --   Gb  - Linker created -
Correction_array        0x1fff20d8   0x1e0  Data  Gb  VCAN_camera.o [1]
Current_SZ_state        0x1fff867c     0x1  Data  Gb  main.o [1]
Current_Startline_state
                        0x1fff867a     0x1  Data  Gb  main.o [1]
Current_Turn_state      0x1fff8680     0x1  Data  Gb  main.o [1]
DFF                     0x1fff04b8    0x10  Data  Gb  FuzzySet_Speed.o [1]
DMA8_IRQHandler         0x00016d07     0x4  Code  Gb  MK60_it.o [1]
DMA_Speed_get           0x00014c35   0x156  Code  Gb  Motor.o [1]
DMA_count_Init          0x0001521d    0xe2  Code  Gb  MK60_dma.o [1]
DMA_count_get           0x000152ff    0x16  Code  Gb  MK60_dma.o [1]
DMA_count_reset         0x00015315    0x14  Code  Gb  MK60_dma.o [1]
DYY                     0x1fff0410    0x10  Data  Gb  FuzzySet_Casu.o [1]
Distance                0x1fff865e     0x2  Data  Gb  main.o [1]
EFF                     0x1fff04c8    0x10  Data  Gb  FuzzySet_Speed.o [1]
F6x8                    0x00012360   0x228  Data  Gb  OLED.o [1]
FTMN                    0x1fff1040     0xc  Data  Gb  MK60_ftm.o [1]
Front_flag              0x1fff867e     0x1  Data  Gb  main.o [1]
FuzzySet_Casu           0x00015a0d   0x2ca  Code  Gb  FuzzySet_Casu.o [1]
FuzzySet_Speed          0x00015391   0x664  Code  Gb  FuzzySet_Speed.o [1]
GPIOX                   0x1fff1058    0x14  Data  Gb  MK60_gpio.o [1]
Get_Edge                0x00000561   0xe4c  Code  Gb  VCAN_camera.o [1]
HX_STATE                0x1fff1b24     0x1  Data  Gb  VCAN_camera.o [1]
HX_text                 0x1fff8684     0x1  Data  Gb  main.o [1]
ImgFilter               0x000015b5    0x70  Code  Gb  VCAN_camera.o [1]
Judgment_obstacle_flag  0x1fff8674     0x1  Data  Gb  main.o [1]
Judgment_startline_flag
                        0x1fff8675     0x1  Data  Gb  main.o [1]
KeyValue                0x1fff08c4     0x1  Data  Gb  Key.o [1]
Key_Test                0x0001504d    0x98  Code  Gb  Key.o [1]
LCD_Clear               0x0000ebf7    0x64  Code  Gb  lcd.o [1]
LCD_Fill                0x0000ec5b    0x40  Code  Gb  lcd.o [1]
LCD_WriteCommand        0x0000c061    0xde  Code  Gb  lcd.o [1]
LCD_Write_Data          0x0000c13f    0xe0  Code  Gb  lcd.o [1]
LCD_Write_Data2         0x0000c21f   0x1f6  Code  Gb  lcd.o [1]
LED_CLS                 0x00010df1    0x34  Code  Gb  OLED.o [1]
LED_P6x8Str             0x00010f3f    0x80  Code  Gb  OLED.o [1]
LED_PTxn                0x1fff22b8     0x4  Data  Gb  VCAN_LED.o [1]
LED_PrintValueF         0x00011871   0xaec  Code  Gb  OLED.o [1]
LED_PrintValueI4        0x00011211   0x1c4  Code  Gb  OLED.o [1]
LED_PrintValueI5        0x00011643   0x224  Code  Gb  OLED.o [1]
LED_PrintsignValueF4    0x000113d5   0x26e  Code  Gb  OLED.o [1]
LED_PrintsignValueI4    0x00010fc5   0x24c  Code  Gb  OLED.o [1]
LED_WrCmd               0x00010cd5   0x11c  Code  Gb  OLED.o [1]
LED_WrDat               0x00010bb9   0x11c  Code  Gb  OLED.o [1]
Last_Distance           0x1fff8660     0x2  Data  Gb  main.o [1]
Last_Prospect_See       0x1fff24e8     0x2  Data  Gb  main.o [1]
Last_SZ_state           0x1fff867d     0x1  Data  Gb  main.o [1]
Last_Startline_state    0x1fff867b     0x1  Data  Gb  main.o [1]
Lline                   0x1fff82ac    0xf0  Data  Gb  main.o [1]
Lline1                  0x1fff1494    0xf0  Data  Gb  VCAN_camera.o [1]
Lline2                  0x1fff1ef8    0xf0  Data  Gb  VCAN_camera.o [1]
MAX_DISTANCE            0x1fff08ce     0x2  Data  Gb  main.o [1]
Mline                   0x1fff848c    0xf0  Data  Gb  main.o [1]
Motor_init              0x00014bcb    0x6a  Code  Gb  Motor.o [1]
OLED_dis_flag           0x1fff8672     0x1  Data  Gb  main.o [1]
OLED_init               0x00010e25   0x11a  Code  Gb  OLED.o [1]
PFF                     0x1fff04a8    0x10  Data  Gb  FuzzySet_Speed.o [1]
PIT0_IRQHandler         0x00016811    0x10  Code  Gb  MK60_it.o [1]
PIT2_IRQHandler         0x00016821    0x8c  Code  Gb  MK60_it.o [1]
PIT3_IRQHandler         0x000168ad    0x46  Code  Gb  MK60_it.o [1]
PODAO_STATE             0x1fff1b26     0x1  Data  Gb  VCAN_camera.o [1]
PORTA_IRQHandler        0x0001699d   0x36a  Code  Gb  MK60_it.o [1]
PORTE_IRQHandler        0x00016d1d    0x94  Code  Gb  MK60_it.o [1]
PORTX                   0x1fff10b4    0x14  Data  Gb  MK60_port.o [1]
PYY                     0x1fff0420    0x10  Data  Gb  FuzzySet_Casu.o [1]
Prospect_See            0x1fff24e6     0x2  Data  Gb  main.o [1]
QP_STSTE                0x1fff1b25     0x1  Data  Gb  VCAN_camera.o [1]
Region$$Table$$Base     0x000174e8           --   Gb  - Linker created -
Region$$Table$$Limit    0x000174f8           --   Gb  - Linker created -
Reset_Handler           0x00000411          Code  Gb  startup_MK60DZ10.o [1]
Return_normalflag       0x1fff8676     0x1  Data  Gb  main.o [1]
Rline                   0x1fff839c    0xf0  Data  Gb  main.o [1]
Rline1                  0x1fff1584    0xf0  Data  Gb  VCAN_camera.o [1]
Rline2                  0x1fff1fe8    0xf0  Data  Gb  VCAN_camera.o [1]
SCCB_GPIO_init          0x00012589    0x2e  Code  Gb  VCAN_SCCB.o [1]
SCCB_ReadByte           0x00012ce9    0x26  Code  Gb  VCAN_SCCB.o [1]
SCCB_ReadByte_one       0x00012d11   0xc62  Code  Lc  VCAN_SCCB.o [1]
SCCB_WriteByte          0x000125b9   0x72a  Code  Gb  VCAN_SCCB.o [1]
SZ_COUNT1               0x1fff08d0     0x4  Data  Gb  main.o [1]
SZ_COUNT2               0x1fff08d4     0x4  Data  Gb  main.o [1]
SZ_COUNT3               0x1fff08d8     0x4  Data  Gb  main.o [1]
SZ_COUNT4               0x1fff08dc     0x4  Data  Gb  main.o [1]
SZ_Caoceflag            0x1fff8677     0x1  Data  Gb  main.o [1]
SZ_QLR                  0x1fff08e0    0x50  Data  Gb  main.o [1]
SZ_QLR1                 0x1fff859c     0x4  Data  Gb  main.o [1]
SZ_QLR2                 0x1fff85a0     0x4  Data  Gb  main.o [1]
SZ_QLR3                 0x1fff85a4     0x4  Data  Gb  main.o [1]
SZ_QLR4                 0x1fff85a8     0x4  Data  Gb  main.o [1]
SZ_STATE                0x1fff1b28     0x1  Data  Gb  VCAN_camera.o [1]
SZ_count                0x1fff8686     0x1  Data  Gb  overtake.o [1]
ScreenShow              0x00016711    0xf0  Code  Gb  Screen.o [1]
Servo_Motor_init        0x000146e5     0xe  Code  Gb  SERVO_MOTOR.o [1]
System_init             0x00013991   0x38a  Code  Gb  System.o [1]
TFTShow_img_flag        0x1fff8671     0x1  Data  Gb  main.o [1]
Texting_state           0x1fff08cc     0x1  Data  Gb  main.o [1]
Tft_init                0x0000c419  0x1fa8  Code  Gb  lcd.o [1]
Time                    0x1fff85ac     0x4  Data  Gb  main.o [1]
Track_complexity        0x1fff865c     0x2  Data  Gb  main.o [1]
Turn_state              0x1fff867f     0x1  Data  Gb  main.o [1]
UARTN                   0x1fff10c8    0x18  Data  Gb  MK60_uart.o [1]
UFF                     0x1fff0788     0x4  Data  Gb  FuzzySet_Speed.o [1]
UFF0_BEFORE             0x1fff082c    0x10  Data  Gb  FuzzySet_Speed.o [1]
UFF0_BEHAND             0x1fff083c    0x10  Data  Gb  FuzzySet_Speed.o [1]
UFF0_HX                 0x1fff084c    0x10  Data  Gb  FuzzySet_Speed.o [1]
UFF0_SLOW               0x1fff086c    0x10  Data  Gb  FuzzySet_Speed.o [1]
UFF0_SZH                0x1fff085c    0x10  Data  Gb  FuzzySet_Speed.o [1]
UFF0_WAIT               0x1fff087c    0x10  Data  Gb  FuzzySet_Speed.o [1]
UFF3_BEFORE             0x1fff07dc    0x10  Data  Gb  FuzzySet_Speed.o [1]
UFF3_BEHAND             0x1fff07ec    0x10  Data  Gb  FuzzySet_Speed.o [1]
UFF3_HX                 0x1fff07fc    0x10  Data  Gb  FuzzySet_Speed.o [1]
UFF3_SLOW               0x1fff081c    0x10  Data  Gb  FuzzySet_Speed.o [1]
UFF3_SZH                0x1fff080c    0x10  Data  Gb  FuzzySet_Speed.o [1]
UFF3_WAIT               0x1fff088c    0x10  Data  Gb  FuzzySet_Speed.o [1]
UFF4_BEFORE             0x1fff078c    0x10  Data  Gb  FuzzySet_Speed.o [1]
UFF4_BEHAND             0x1fff079c    0x10  Data  Gb  FuzzySet_Speed.o [1]
UFF4_HX                 0x1fff07ac    0x10  Data  Gb  FuzzySet_Speed.o [1]
UFF4_SLOW               0x1fff07cc    0x10  Data  Gb  FuzzySet_Speed.o [1]
UFF4_SZH                0x1fff07bc    0x10  Data  Gb  FuzzySet_Speed.o [1]
UFF4_WAIT               0x1fff089c    0x10  Data  Gb  FuzzySet_Speed.o [1]
UFF_BEFORE              0x1fff08ac     0x4  Data  Gb  FuzzySet_Speed.o [1]
UFF_BEHAND              0x1fff08b0     0x4  Data  Gb  FuzzySet_Speed.o [1]
UFF_HX                  0x1fff08b4     0x4  Data  Gb  FuzzySet_Speed.o [1]
UFF_SLOW                0x1fff08bc     0x4  Data  Gb  FuzzySet_Speed.o [1]
UFF_SZH                 0x1fff08b8     0x4  Data  Gb  FuzzySet_Speed.o [1]
UFF_WAIT                0x1fff08c0     0x4  Data  Gb  FuzzySet_Speed.o [1]
UYY                     0x1fff0494     0x4  Data  Gb  FuzzySet_Casu.o [1]
UYY1                    0x1fff0498    0x10  Data  Gb  FuzzySet_Casu.o [1]
Ultrasonic_flag         0x1fff8673     0x1  Data  Gb  main.o [1]
ZA_STATE                0x1fff1b27     0x1  Data  Gb  VCAN_camera.o [1]
__BOOT_STACK_ADDRESS {Abs}
                        0x2000fff8           --   Gb  command line/config [2]
__VECTOR_RAM {Abs}      0x1fff0000           --   Gb  command line/config [2]
__VECTOR_TABLE {Abs}    0x00000000           --   Gb  command line/config [2]
__aeabi_cdcmpeq         0x0000ba85          Code  Gb  DblCmpEq.o [4]
__aeabi_cdcmple         0x0000aea5          Code  Gb  DblCmpLe.o [4]
__aeabi_cfcmpeq         0x0000ae39          Code  Gb  FltCmpEq.o [4]
__aeabi_cfcmple         0x0000a47d          Code  Gb  FltCmpLe.o [4]
__aeabi_cfrcmple        0x0000a459          Code  Gb  FltCmpGe.o [4]
__aeabi_d2f             0x0000ab61          Code  Gb  DblToFlt.o [4]
__aeabi_d2iz            0x0000bc45          Code  Gb  DblToI32.o [4]
__aeabi_dadd            0x0000bb5d          Code  Gb  DblAdd.o [4]
__aeabi_ddiv            0x0000abf1          Code  Gb  DblDiv.o [4]
__aeabi_dmul            0x0000a9bd          Code  Gb  DblMul.o [4]
__aeabi_dsub            0x0000bee1          Code  Gb  DblSub.o [4]
__aeabi_f2d             0x0000ae55          Code  Gb  FltToDbl.o [4]
__aeabi_f2iz            0x0000a5d9          Code  Gb  FltToS32.o [4]
__aeabi_fadd            0x0000a90d          Code  Gb  FltAdd.o [4]
__aeabi_fdiv            0x0000a651          Code  Gb  FltDiv.o [4]
__aeabi_fmul            0x0000a835          Code  Gb  FltMul.o [4]
__aeabi_fsub            0x0000a74d          Code  Gb  FltSub.o [4]
__aeabi_i2d             0x0000a991          Code  Gb  I32ToDbl.o [4]
__aeabi_i2f             0x0000a61d          Code  Gb  I32ToFlt.o [4]
__aeabi_memclr          0x00017459          Code  Gb  ABImemclr.o [5]
__aeabi_memclr4         0x0000aed5          Code  Gb  ABImemclr4.o [5]
__aeabi_memset4         0x0000a3fd          Code  Gb  ABImemset48.o [5]
__aeabi_memset8         0x0000a3fd          Code  Gb  ABImemset48.o [5]
__aeabi_ui2f            0x0000a631          Code  Gb  I32ToFlt.o [4]
__cmain                 0x000174f9          Code  Gb  cmain.o [5]
__code_start__ {Abs}    0x00000410           --   Gb  command line/config [2]
__exit                  0x00017529          Code  Gb  XXexit.o [5]
__iar_Memset4_word      0x0000a405          Code  Gb  ABImemset48.o [5]
__iar_Memset8_word      0x0000a405          Code  Gb  ABImemset48.o [5]
__iar_Memset_word       0x00017461          Code  Gb  ABImemset.o [5]
__iar_d2uiz             0x0000bc71          Code  Gb  DblToI32.o [4]
__iar_dadd              0x0000bb71          Code  Gb  DblAdd.o [4]
__iar_data_init3        0x000174c1    0x28  Code  Gb  data_init.o [5]
__iar_dsub              0x0000bef5          Code  Gb  DblSub.o [4]
__iar_dsubStart         0x0000bf07          Code  Gb  DblSub.o [4]
__iar_fadd              0x0000a91d          Code  Gb  FltAdd.o [4]
__iar_fsub              0x0000a75d          Code  Gb  FltSub.o [4]
__iar_fsubStart         0x0000a76d          Code  Gb  FltSub.o [4]
__iar_modf              0x0000bab5          Code  Gb  modf.o [4]
__iar_modfl             0x0000bab5          Code  Gb  modf.o [4]
__iar_program_start     0x00017535          Code  Gb  cstartup_M.o [5]
__iar_ui2d              0x0000a9a5          Code  Gb  I32ToDbl.o [4]
__iar_ui2f              0x0000a635          Code  Gb  I32ToFlt.o [4]
__iar_unaligned___aeabi_memcpy
                        0x0000aedd          Code  Gb  ABImemcpy_unaligned.o [5]
__iar_unaligned___aeabi_memcpy4
                        0x0000aefd          Code  Gb  ABImemcpy_unaligned.o [5]
__iar_unaligned___aeabi_memcpy8
                        0x0000aefd          Code  Gb  ABImemcpy_unaligned.o [5]
__iar_zero_init3        0x0000a437    0x22  Code  Gb  zero_init3.o [5]
__low_level_init        0x00017513     0x4  Code  Gb  low_level_init.o [3]
__vector_table          0x00000000   0x410  Data  Gb  vectors.o [1]
_call_main              0x00017505          Code  Gb  cmain.o [5]
_exit                   0x0001751d          Code  Gb  cexit.o [5]
_main                   0x0001750f          Code  Gb  cmain.o [5]
adc_init                0x00014e15   0x128  Code  Gb  MK60_adc.o [1]
adc_once                0x00014f3d    0x36  Code  Gb  MK60_adc.o [1]
adc_stop                0x00014f73     0xc  Code  Gb  MK60_adc.o [1]
assert_failed           0x0000afd1    0x2a  Code  Gb  MK60_conf.o [1]
avoid_obstacle          0x00009a4d   0x932  Code  Gb  VCAN_camera.o [1]
b                       0x1fff10e0     0x1  Data  Lc  System.o [1]
beep                    0x00013d1b    0x20  Code  Gb  System.o [1]
bus_clk_khz             0x1fff8658     0x4  Data  Gb  system_MK60DZ10.o [1]
camer                   0x1fff1684    0x10  Data  Gb  VCAN_camera.o [1]
camer_error_calculation
                        0x000013b9   0x1fc  Code  Gb  VCAN_camera.o [1]
core_clk_khz            0x1fff8650     0x4  Data  Gb  system_MK60DZ10.o [1]
core_clk_mhz            0x1fff8654     0x4  Data  Gb  system_MK60DZ10.o [1]
count_init              0x1fff85b0    0x40  Data  Gb  MK60_dma.o [1]
current_ZA_state        0x1fff8678     0x1  Data  Gb  main.o [1]
current_ring_state      0x1fff8682     0x1  Data  Gb  main.o [1]
default_isr             0x0000affd    0x7c  Code  Gb  MK60_conf.o [1]
direction_control       0x000146f3    0x6e  Code  Gb  SERVO_MOTOR.o [1]
dis                     0x0001608b   0x4ac  Code  Gb  overtake.o [1]
dma_portx2buff_init     0x000150e5   0x138  Code  Gb  MK60_dma.o [1]
exit                    0x00017517     0x4  Code  Gb  exit.o [3]
fill_bend               0x00006039   0x27c  Code  Gb  VCAN_camera.o [1]
find_jump_point         0x0000165d   0x610  Code  Gb  VCAN_camera.o [1]
find_yuanhuan_l         0x00005d91   0x14c  Code  Gb  VCAN_camera.o [1]
find_yuanhuan_r         0x00005edd   0x14c  Code  Gb  VCAN_camera.o [1]
flash_Winit             0x00013e65   0x402  Code  Gb  System.o [1]
flash_erase_sector      0x1fff2361    0x8c  Code  Gb  MK60_flash.o [1]
flash_init              0x1fff2339    0x28  Code  Gb  MK60_flash.o [1]
flash_write             0x1fff23ed    0x7a  Code  Gb  MK60_flash.o [1]
fork_long               0x1fff1b2c     0x1  Data  Lc  VCAN_camera.o [1]
fork_point              0x1fff1b2b     0x1  Data  Lc  VCAN_camera.o [1]
ftm_mod                 0x1fff104c     0xc  Data  Lc  MK60_ftm.o [1]
ftm_pwm_duty            0x0000b999    0xa6  Code  Gb  MK60_ftm.o [1]
ftm_pwm_init            0x0000b801   0x198  Code  Gb  MK60_ftm.o [1]
gpio_ddr                0x0000a4e3    0x22  Code  Gb  MK60_gpio.o [1]
gpio_get                0x0000a56f    0x2e  Code  Gb  MK60_gpio.o [1]
gpio_init               0x0000a4a1    0x42  Code  Gb  MK60_gpio.o [1]
gpio_set                0x0000a505    0x3e  Code  Gb  MK60_gpio.o [1]
gpio_turn               0x0000a543    0x2c  Code  Gb  MK60_gpio.o [1]
hang                    0x1fff08c8     0x4  Data  Gb  main.o [1]
houceL_process_cross    0x00004885   0xc02  Code  Gb  VCAN_camera.o [1]
houceR_process_cross    0x00003c51   0xc10  Code  Gb  VCAN_camera.o [1]
img_buffer              0x1fff24ec   0x960  Data  Gb  main.o [1]
img_buffer2             0x1fff2e4c   0x960  Data  Gb  main.o [1]
img_extract             0x00000419   0x142  Code  Gb  VCAN_camera.o [1]
img_handle              0x1fff37ac  0x4b00  Data  Gb  main.o [1]
img_send_flag           0x1fff866e     0x1  Data  Gb  main.o [1]
img_sendmatlab_flag     0x1fff866f     0x1  Data  Gb  main.o [1]
img_switch_flag         0x1fff24e4     0x1  Data  Gb  main.o [1]
j                       0x1fff1b34     0x2  Data  Lc  VCAN_camera.o [1]
l                       0x1fff1674     0x8  Data  Gb  VCAN_camera.o [1]
l_First_derivative      0x1fff10e4   0x1d8  Data  Gb  VCAN_camera.o [1]
l_average               0x1fff1b58   0x1d0  Data  Gb  VCAN_camera.o [1]
l_cross_turn_point      0x1fff1b2e     0x2  Data  Gb  VCAN_camera.o [1]
l_variance              0x1fff1694   0x1d0  Data  Gb  VCAN_camera.o [1]
last_ZA_state           0x1fff8679     0x1  Data  Gb  main.o [1]
last_ring_state         0x1fff8683     0x1  Data  Gb  main.o [1]
led_init                0x0000b0ed    0x3c  Code  Gb  VCAN_LED.o [1]
led_turn                0x0000b129    0x28  Code  Gb  VCAN_LED.o [1]
main                    0x000172a1    0xd8  Code  Gb  main.o [1]
mcg_cfg                 0x1fff106c    0x44  Data  Gb  MK60_mcg.o [1]
mcg_div                 0x1fff10b0     0x4  Data  Gb  MK60_mcg.o [1]
mid_l_s                 0x1fff1b38     0x2  Data  Lc  VCAN_camera.o [1]
mid_l_s1                0x1fff1b40     0x2  Data  Lc  VCAN_camera.o [1]
mid_l_x                 0x1fff1b36     0x2  Data  Lc  VCAN_camera.o [1]
mid_l_x1                0x1fff1b3e     0x2  Data  Lc  VCAN_camera.o [1]
mid_r_s                 0x1fff1b3c     0x2  Data  Lc  VCAN_camera.o [1]
mid_r_s1                0x1fff1b44     0x2  Data  Lc  VCAN_camera.o [1]
mid_r_x                 0x1fff1b3a     0x2  Data  Lc  VCAN_camera.o [1]
mid_r_x1                0x1fff1b42     0x2  Data  Lc  VCAN_camera.o [1]
modf                    0x0000baa5          Code  Gb  modf.o [4]
modfl                   0x0000baa5          Code  Gb  modf.o [4]
motor                   0x1fff85f0    0x38  Data  Gb  Motor.o [1]
next_line_start         0x1fff1b32     0x2  Data  Lc  VCAN_camera.o [1]
nomal_track_flag        0x1fff1b29     0x1  Data  Lc  VCAN_camera.o [1]
out2                    0x1fff10e1     0x1  Data  Lc  System.o [1]
out_char                0x0000bc91     0x8  Code  Gb  io.o [1]
ov7725_eagle_cfgnum     0x1fff2321     0x1  Data  Gb  VCAN_OV7725_Eagle.o [1]
ov7725_eagle_dma        0x0001453f    0x14  Code  Gb  VCAN_OV7725_Eagle.o [1]
ov7725_eagle_get_img    0x00014553    0x2e  Code  Gb  VCAN_OV7725_Eagle.o [1]
ov7725_eagle_img_buff   0x1fff2324     0x4  Data  Gb  VCAN_OV7725_Eagle.o [1]
ov7725_eagle_img_flag   0x1fff2320     0x1  Data  Gb  VCAN_OV7725_Eagle.o [1]
ov7725_eagle_init       0x00014405    0xf4  Code  Gb  VCAN_OV7725_Eagle.o [1]
ov7725_eagle_reg        0x1fff22bc    0x64  Data  Gb  VCAN_OV7725_Eagle.o [1]
ov7725_eagle_vsync      0x000144f9    0x46  Code  Gb  VCAN_OV7725_Eagle.o [1]
overtake                0x00015ced   0x344  Code  Gb  overtake.o [1]
pit_init                0x00014fc1    0x46  Code  Gb  MK60_PIT.o [1]
pll_init                0x00016efd   0x1de  Code  Gb  MK60_mcg.o [1]
port_init               0x0000af55    0x32  Code  Gb  MK60_port.o [1]
port_init_NoALT         0x0000af87    0x40  Code  Gb  MK60_port.o [1]
printf                  0x0000b319   0x38a  Code  Gb  printf.o [1]
printk_mkfloatnumstr    0x0000b1c9   0x14a  Code  Lc  printf.o [1]
printk_mknumstr         0x0000b159    0x6e  Code  Lc  printf.o [1]
process_hx_l            0x000062c1  0x19dc  Code  Gb  VCAN_camera.o [1]
process_hx_r            0x00007ea5  0x19a4  Code  Gb  VCAN_camera.o [1]
process_xcross          0x000054b1   0x8e0  Code  Gb  VCAN_camera.o [1]
qianceL_process_cross   0x00001ced   0xf90  Code  Gb  VCAN_camera.o [1]
qianceR_process_cross   0x00002c95   0xfa0  Code  Gb  VCAN_camera.o [1]
r                       0x1fff167c     0x8  Data  Gb  VCAN_camera.o [1]
r_First_derivative      0x1fff12bc   0x1d8  Data  Gb  VCAN_camera.o [1]
r_average               0x1fff1d28   0x1d0  Data  Gb  VCAN_camera.o [1]
r_cross_turn_point      0x1fff1b30     0x2  Data  Gb  VCAN_camera.o [1]
r_variance              0x1fff1864   0x1d0  Data  Gb  VCAN_camera.o [1]
rempcheck_array         0x1fff1a34    0xf0  Data  Gb  VCAN_camera.o [1]
row                     0x1fff1b2a     0x1  Data  Lc  VCAN_camera.o [1]
rule                    0x1fff04d8   0x2b0  Data  Gb  FuzzySet_Speed.o [1]
rule_Casu               0x1fff0430    0x64  Data  Gb  FuzzySet_Casu.o [1]
send                    0x1fff8685     0x1  Data  Gb  overtake.o [1]
send_osc_flag           0x1fff8670     0x1  Data  Gb  main.o [1]
servo_stop_duty         0x1fff8662     0x2  Data  Gb  main.o [1]
servos                  0x1fff8638    0x18  Data  Gb  SERVO_MOTOR.o [1]
set_sys_dividers        0x1fff24a9    0x3c  Code  Gb  MK60_mcg.o [1]
set_vector_handler      0x00014687    0x20  Code  Gb  misc.o [1]
shizhi_row              0x1fff1b48     0x2  Data  Gb  VCAN_camera.o [1]
speed_control           0x0001476d   0x45e  Code  Gb  Motor.o [1]
star                    0x1fff8628     0x1  Data  Lc  Motor.o [1]
start                   0x00017379    0x84  Code  Gb  system_MK60DZ10.o [1]
start_car               0x00016031    0x5a  Code  Gb  overtake.o [1]
start_line_count        0x1fff866d     0x1  Data  Gb  main.o [1]
start_up                0x1fff8681     0x1  Data  Gb  main.o [1]
strlen                  0x0000bc99          Code  Gb  strlen.o [5]
systick_delay_ms        0x0000b6a5    0x3e  Code  Gb  MK60_SysTick.o [1]
sz_speedcount           0x1fff8664     0x1  Data  Gb  MK60_it.o [1]
uart1_handler           0x000168f3    0xa8  Code  Gb  MK60_it.o [1]
uart_init               0x0000bcd1   0x160  Code  Gb  MK60_uart.o [1]
uart_putbuff            0x0000be49    0x24  Code  Gb  MK60_uart.o [1]
uart_putchar            0x0000be31    0x16  Code  Gb  MK60_uart.o [1]
uart_rx_irq_en          0x0000be6d    0x26  Code  Gb  MK60_uart.o [1]
var                     0x1fff857c    0x20  Data  Gb  main.o [1]
vcan_sendimg            0x0000b729    0x40  Code  Gb  VCAN_computer.o [1]
vcan_sendmatlabimg      0x0000b7a9    0x40  Code  Gb  VCAN_computer.o [1]
vcan_sendware           0x0000b769    0x40  Code  Gb  VCAN_computer.o [1]
vector_str              0x1fff0938   0x708  Data  Gb  MK60_conf.o [1]
wdog_disable            0x0001742d    0x26  Code  Gb  MK60_wdog.o [1]
white_point             0x1fff1b46     0x2  Data  Gb  VCAN_camera.o [1]
write_vtor              0x00014665    0x22  Code  Gb  misc.o [1]


[1] = A:\aaa\fly - DN C  V1.4-double1.0\Prj\IAR\DZ10_Debug\Obj
[2] = command line
[3] = dl7M_tlf.a
[4] = m7M_tl.a
[5] = rt7M_tl.a

  86 092 bytes of readonly  code memory
     444 bytes of readwrite code memory
   9 460 bytes of readonly  data memory
  32 955 bytes of readwrite data memory

Errors: none
Warnings: none
