###############################################################################
#
# IAR ELF Linker V7.10.1.6676/W32 for ARM                 28/Feb/2017  16:05:08
# Copyright 2007-2014 IAR Systems AB.
#
#    Output file  =  A:\double\fly\Prj\IAR\FN15_Debug\Exe\vcan_Kinetis.out
#    Map file     =  A:\double\fly\Prj\IAR\FN15_Debug\List\vcan_Kinetis.map
#    Command line =  
#        A:\double\fly\Prj\IAR\FN15_Debug\Obj\Dis.o
#        A:\double\fly\Prj\IAR\FN15_Debug\Obj\diskio.o
#        A:\double\fly\Prj\IAR\FN15_Debug\Obj\ff.o
#        A:\double\fly\Prj\IAR\FN15_Debug\Obj\Filter.o
#        A:\double\fly\Prj\IAR\FN15_Debug\Obj\FuzzySet_Speed.o
#        A:\double\fly\Prj\IAR\FN15_Debug\Obj\io.o
#        A:\double\fly\Prj\IAR\FN15_Debug\Obj\Key.o
#        A:\double\fly\Prj\IAR\FN15_Debug\Obj\lcd.o
#        A:\double\fly\Prj\IAR\FN15_Debug\Obj\main.o
#        A:\double\fly\Prj\IAR\FN15_Debug\Obj\misc.o
#        A:\double\fly\Prj\IAR\FN15_Debug\Obj\MK60_adc.o
#        A:\double\fly\Prj\IAR\FN15_Debug\Obj\MK60_conf.o
#        A:\double\fly\Prj\IAR\FN15_Debug\Obj\MK60_dma.o
#        A:\double\fly\Prj\IAR\FN15_Debug\Obj\MK60_DWT.o
#        A:\double\fly\Prj\IAR\FN15_Debug\Obj\MK60_flash.o
#        A:\double\fly\Prj\IAR\FN15_Debug\Obj\MK60_ftm.o
#        A:\double\fly\Prj\IAR\FN15_Debug\Obj\MK60_gpio.o
#        A:\double\fly\Prj\IAR\FN15_Debug\Obj\MK60_i2c.o
#        A:\double\fly\Prj\IAR\FN15_Debug\Obj\MK60_it.o
#        A:\double\fly\Prj\IAR\FN15_Debug\Obj\MK60_lptmr.o
#        A:\double\fly\Prj\IAR\FN15_Debug\Obj\MK60_mcg.o
#        A:\double\fly\Prj\IAR\FN15_Debug\Obj\MK60_PIT.o
#        A:\double\fly\Prj\IAR\FN15_Debug\Obj\MK60_port.o
#        A:\double\fly\Prj\IAR\FN15_Debug\Obj\MK60_sdhc.o
#        A:\double\fly\Prj\IAR\FN15_Debug\Obj\MK60_spi.o
#        A:\double\fly\Prj\IAR\FN15_Debug\Obj\MK60_SysTick.o
#        A:\double\fly\Prj\IAR\FN15_Debug\Obj\MK60_uart.o
#        A:\double\fly\Prj\IAR\FN15_Debug\Obj\MK60_wdog.o
#        A:\double\fly\Prj\IAR\FN15_Debug\Obj\Motor.o
#        A:\double\fly\Prj\IAR\FN15_Debug\Obj\OLED.o
#        A:\double\fly\Prj\IAR\FN15_Debug\Obj\printf.o
#        A:\double\fly\Prj\IAR\FN15_Debug\Obj\Screen.o
#        A:\double\fly\Prj\IAR\FN15_Debug\Obj\SERVO_MOTOR.o
#        A:\double\fly\Prj\IAR\FN15_Debug\Obj\startup_MK60DZ10.o
#        A:\double\fly\Prj\IAR\FN15_Debug\Obj\System.o
#        A:\double\fly\Prj\IAR\FN15_Debug\Obj\system_MK60DZ10.o
#        A:\double\fly\Prj\IAR\FN15_Debug\Obj\VCAN_camera.o
#        A:\double\fly\Prj\IAR\FN15_Debug\Obj\VCAN_computer.o
#        A:\double\fly\Prj\IAR\FN15_Debug\Obj\VCAN_key.o
#        A:\double\fly\Prj\IAR\FN15_Debug\Obj\VCAN_LED.o
#        A:\double\fly\Prj\IAR\FN15_Debug\Obj\VCAN_NRF24L0.o
#        A:\double\fly\Prj\IAR\FN15_Debug\Obj\VCAN_OV7725_Eagle.o
#        A:\double\fly\Prj\IAR\FN15_Debug\Obj\VCAN_SCCB.o
#        A:\double\fly\Prj\IAR\FN15_Debug\Obj\vectors.o --redirect
#        _Printf=_PrintfLargeNoMb --redirect _Scanf=_ScanfLargeNoMb -o
#        A:\double\fly\Prj\IAR\FN15_Debug\Exe\vcan_Kinetis.out --map
#        A:\double\fly\Prj\IAR\FN15_Debug\List\vcan_Kinetis.map --config
#        "A:\double\fly\Prj\IAR\config files\vcan_ROM_K60N1M.icf"
#        A:\double\fly\Prj\IAR\..\..\Lib\CMSIS\iar_cortexM4l_math.a --entry
#        __iar_program_start --redirect __write=__write_buffered --vfe
#
###############################################################################

*******************************************************************************
*** RUNTIME MODEL ATTRIBUTES
***

CppFlavor       = *
__Heap_Handler  = DLMalloc
__SystemLibrary = DLib


*******************************************************************************
*** PLACEMENT SUMMARY
***

"A1":  place at 0x00000000 { ro section .intvec };
"A2":  place at 0x00000410 { ro section .noinit };
"P1":  place in [from 0x00000000 to 0x00100000] { ro, block CodeRelocate };
"P2":  place in [from 0x1fff0410 to 0x20010000] {
          rw, block CodeRelocateRam, block CSTACK, block HEAP };

  Section              Kind        Address    Size  Object
  -------              ----        -------    ----  ------
"A1":                                        0x410
  .intvec              const    0x00000000   0x410  vectors.o [1]
                              - 0x00000410   0x410

"P1", part 1 of 2:                             0x0
  .rodata              const    0x00000410     0x0  zero_init3.o [5]

"A2":                                          0x8
  .noinit              ro code  0x00000410     0x8  startup_MK60DZ10.o [1]
                              - 0x00000418     0x8

"P1", part 2 of 2:                          0x288e
  .data_init                    0x00000418   0x7c4  <Block>
    Initializer bytes  ro data  0x00000418   0x7c4  <for .data-1>
  .text                ro code  0x00000bdc    0x22  zero_init3.o [5]
  .text                ro code  0x00000c00   0x658  printf.o [1]
  .text                ro code  0x00001258    0x20  DblCmpEq.o [4]
  .text                ro code  0x00001278    0xc0  modf.o [4]
  .text                ro code  0x00001338    0x2c  I32ToDbl.o [4]
  .text                ro code  0x00001364   0x1a2  DblMul.o [4]
  .text                ro code  0x00001508    0xe8  DblAdd.o [4]
  .text                ro code  0x000015f0    0x4c  DblToI32.o [4]
  .text                ro code  0x0000163c    0x2e  DblCmpLe.o [4]
  .text                ro code  0x0000166c    0x36  strlen.o [5]
  .text                ro code  0x000016a4   0x16c  DblSub.o [4]
  Veneer               ro code  0x00001810     0x8  - Linker created -
  .text                ro code  0x00001818   0x3b0  MK60_mcg.o [1]
  .text                ro code  0x00001bc8   0x394  MK60_ftm.o [1]
  .text                ro code  0x00001f5c    0xb0  MK60_port.o [1]
  Veneer               ro code  0x0000200c     0x8  - Linker created -
  Veneer               ro code  0x00002014     0x8  - Linker created -
  .text                ro code  0x0000201c   0x12c  MK60_conf.o [1]
  .text                ro code  0x00002148    0x70  VCAN_LED.o [1]
  .text                ro code  0x000021b8    0x64  MK60_SysTick.o [1]
  .text                ro code  0x0000221c    0x98  VCAN_key.o [1]
  .text                ro code  0x000022b4   0x12c  MK60_gpio.o [1]
  .text                ro code  0x000023e0   0x230  MK60_uart.o [1]
  CodeRelocate                  0x00002610   0x1ec  <Block>
    Initializer bytes  ro data  0x00002610   0x1ec  <for CodeRelocateRam-1>
  .text                ro code  0x000027fc   0x11c  system_MK60DZ10.o [1]
  .text                ro code  0x00002918    0x40  MK60_wdog.o [1]
  .text                ro code  0x00002958    0x40  main.o [1]
  .text                ro code  0x00002998    0x2c  misc.o [1]
  .text                ro code  0x000029c4    0x78  VCAN_OV7725_Eagle.o [1]
  .text                ro code  0x00002a3c    0x54  MK60_it.o [1]
  .rodata              const    0x00002a90    0x3c  MK60_conf.o [1]
  .rodata              const    0x00002acc    0x28  MK60_SysTick.o [1]
  .text                ro code  0x00002af4    0x28  data_init.o [5]
  .rodata              const    0x00002b1c    0x24  MK60_conf.o [1]
  .rodata              const    0x00002b40    0x24  MK60_flash.o [1]
  .rodata              const    0x00002b64    0x24  MK60_ftm.o [1]
  .rodata              const    0x00002b88    0x24  MK60_gpio.o [1]
  .rodata              const    0x00002bac    0x24  MK60_uart.o [1]
  .iar.init_table      const    0x00002bd0    0x10  - Linker created -
  .rodata              const    0x00002be0    0x20  misc.o [1]
  .rodata              const    0x00002c00    0x20  MK60_conf.o [1]
  .text                ro code  0x00002c20    0x1a  fpinit_M.o [4]
  .text                ro code  0x00002c3c    0x1a  cmain.o [5]
  .text                ro code  0x00002c56     0x4  low_level_init.o [3]
  .text                ro code  0x00002c5a     0x4  exit.o [3]
  .text                ro code  0x00002c60     0xa  cexit.o [5]
  .text                ro code  0x00002c6c     0xc  XXexit.o [5]
  .rodata              const    0x00002c78    0x14  MK60_conf.o [1]
  .text                ro code  0x00002c8c     0xe  io.o [1]
  .text                ro code  0x00002c9a     0xc  cstartup_M.o [5]
                              - 0x00002ca6  0x288e

"P2", part 1 of 2:                           0x9b0
  .data                         0x1fff0410   0x7c4  <Block>
    .data-1                     0x1fff0410   0x7c1  <Init block>
      .data            inited   0x1fff0410   0x708  MK60_conf.o [1]
      .data            inited   0x1fff0b18    0x10  MK60_ftm.o [1]
      .data            inited   0x1fff0b28    0x14  MK60_gpio.o [1]
      .data            inited   0x1fff0b3c    0x58  MK60_mcg.o [1]
      .data            inited   0x1fff0b94     0x4  MK60_mcg.o [1]
      .data            inited   0x1fff0b98    0x14  MK60_port.o [1]
      .data            inited   0x1fff0bac    0x18  MK60_uart.o [1]
      .data            inited   0x1fff0bc4     0x8  VCAN_key.o [1]
      .data            inited   0x1fff0bcc     0x4  VCAN_LED.o [1]
      .data            inited   0x1fff0bd0     0x1  VCAN_OV7725_Eagle.o [1]
  CodeRelocateRam               0x1fff0bd4   0x1ec  <Block>
    CodeRelocateRam-1           0x1fff0bd4   0x1ec  <Init block>
      Veneer           inited   0x1fff0bd4     0x8  - Linker created -
      Veneer           inited   0x1fff0bdc     0x8  - Linker created -
      .textrw          inited   0x1fff0be4   0x190  MK60_flash.o [1]
      .textrw          inited   0x1fff0d74    0x4c  MK60_mcg.o [1]
                              - 0x1fff0dc0   0x9b0

"P2", part 2 of 2:                            0x58
  .bss                          0x1fff0dc0    0x58  <Block>
    .bss               zero     0x1fff0dc0    0x10  MK60_ftm.o [1]
    .bss               zero     0x1fff0dd0    0x38  Motor.o [1]
    .bss               zero     0x1fff0e08     0x4  system_MK60DZ10.o [1]
    .bss               zero     0x1fff0e0c     0x4  system_MK60DZ10.o [1]
    .bss               zero     0x1fff0e10     0x4  system_MK60DZ10.o [1]
    .bss               zero     0x1fff0e14     0x4  VCAN_OV7725_Eagle.o [1]
                              - 0x1fff0e18    0x58


*******************************************************************************
*** INIT TABLE
***

          Address     Size
          -------     ----
Zero (__iar_zero_init3)
    1 destination range, total size 0x58:
          0x1fff0dc0  0x58



*******************************************************************************
*** MODULE SUMMARY
***

    Module               ro code  rw code  ro data  rw data
    ------               -------  -------  -------  -------
A:\double\fly\Prj\IAR\FN15_Debug\Obj: [1]
    MK60_SysTick.o           100                40
    MK60_conf.o              300             1 948    1 800
    MK60_flash.o                      400      436
    MK60_ftm.o               916                52       32
    MK60_gpio.o              300                56       20
    MK60_it.o                 84
    MK60_mcg.o               944       76      168       92
    MK60_port.o              176                20       20
    MK60_uart.o              560                60       24
    MK60_wdog.o               64
    Motor.o                                              56
    VCAN_LED.o               112                 4        4
    VCAN_OV7725_Eagle.o      120                 1        5
    VCAN_key.o               152                 8        8
    io.o                      14
    main.o                    64
    misc.o                    44                32
    printf.o               1 624
    startup_MK60DZ10.o         8
    system_MK60DZ10.o        284                         12
    vectors.o                                1 040
    -------------------------------------------------------
    Total:                 5 866      476    3 865    2 073

command line: [2]
    -------------------------------------------------------
    Total:

dl7M_tlf.a: [3]
    exit.o                     4
    low_level_init.o           4
    -------------------------------------------------------
    Total:                     8

m7M_tlv.a: [4]
    DblAdd.o                 232
    DblCmpEq.o                32
    DblCmpLe.o                46
    DblMul.o                 418
    DblSub.o                 364
    DblToI32.o                76
    I32ToDbl.o                44
    fpinit_M.o                26
    modf.o                   192
    -------------------------------------------------------
    Total:                 1 430

rt7M_tl.a: [5]
    XXexit.o                  12
    cexit.o                   10
    cmain.o                   26
    cstartup_M.o              12
    data_init.o               40
    strlen.o                  54
    zero_init3.o              34
    -------------------------------------------------------
    Total:                   188

    Gaps                      14
    Linker created            24       16       35
-----------------------------------------------------------
    Grand Total:           7 530      492    3 900    2 073


*******************************************************************************
*** ENTRY LIST
***

Entry                      Address   Size  Type      Object
-----                      -------   ----  ----      ------
.bss$$Base              0x1fff0dc0          --   Gb  - Linker created -
.bss$$Limit             0x1fff0e18          --   Gb  - Linker created -
.data$$Base             0x1fff0410          --   Gb  - Linker created -
.data$$Limit            0x1fff0bd4          --   Gb  - Linker created -
.data_init$$Base        0x00000418          --   Gb  - Linker created -
.data_init$$Limit       0x00000bdc          --   Gb  - Linker created -
?main                   0x00002c3d         Code  Gb  cmain.o [5]
ASSERT_FAILED_STR       0x00002b1c   0x24  Data  Gb  MK60_conf.o [1]
CodeRelocate$$Base      0x00002610          --   Gb  - Linker created -
CodeRelocate$$Limit     0x000027fc          --   Gb  - Linker created -
CodeRelocateRam$$Base   0x1fff0bd4          --   Gb  - Linker created -
CodeRelocateRam$$Limit  0x1fff0dc0          --   Gb  - Linker created -
FTMN                    0x1fff0b18   0x10  Data  Gb  MK60_ftm.o [1]
FTM_port_mux            0x00001bc9  0x1a2  Code  Lc  MK60_ftm.o [1]
GPIOX                   0x1fff0b28   0x14  Data  Gb  MK60_gpio.o [1]
KEY_PTxn                0x1fff0bc4    0x8  Data  Gb  VCAN_key.o [1]
LED_PTxn                0x1fff0bcc    0x4  Data  Gb  VCAN_LED.o [1]
NVIC_DisableIRQ         0x000029c5   0x14  Code  Lc  VCAN_OV7725_Eagle.o [1]
NVIC_SystemReset        0x0000201d   0x1a  Code  Lc  MK60_conf.o [1]
PORTA_IRQHandler        0x00002a3d   0x4c  Code  Gb  MK60_it.o [1]
PORTX                   0x1fff0b98   0x14  Data  Gb  MK60_port.o [1]
Region$$Table$$Base     0x00002bd0          --   Gb  - Linker created -
Region$$Table$$Limit    0x00002be0          --   Gb  - Linker created -
Reset_Handler           0x00000411         Code  Gb  startup_MK60DZ10.o [1]
UARTN                   0x1fff0bac   0x18  Data  Gb  MK60_uart.o [1]
__BOOT_STACK_ADDRESS {Abs}
                        0x2000fff8          --   Gb  command line/config [2]
__VECTOR_RAM {Abs}      0x1fff0000          --   Gb  command line/config [2]
__VECTOR_TABLE {Abs}    0x00000000          --   Gb  command line/config [2]
__aeabi_cdcmpeq         0x00001259         Code  Gb  DblCmpEq.o [4]
__aeabi_cdcmple         0x0000163d         Code  Gb  DblCmpLe.o [4]
__aeabi_d2iz            0x000015f1         Code  Gb  DblToI32.o [4]
__aeabi_dadd            0x00001509         Code  Gb  DblAdd.o [4]
__aeabi_dmul            0x00001365         Code  Gb  DblMul.o [4]
__aeabi_i2d             0x00001339         Code  Gb  I32ToDbl.o [4]
__cmain                 0x00002c3d         Code  Gb  cmain.o [5]
__code_start__ {Abs}    0x00000410          --   Gb  command line/config [2]
__exit                  0x00002c6d         Code  Gb  XXexit.o [5]
__iar_d2uiz             0x0000161d         Code  Gb  DblToI32.o [4]
__iar_dadd              0x0000151d         Code  Gb  DblAdd.o [4]
__iar_data_init3        0x00002af5   0x28  Code  Gb  data_init.o [5]
__iar_dsub              0x000016a5         Code  Gb  DblSub.o [4]
__iar_dsubStart         0x000016b7         Code  Gb  DblSub.o [4]
__iar_init_vfp          0x00002c21         Code  Gb  fpinit_M.o [4]
__iar_modf              0x00001291         Code  Gb  modf.o [4]
__iar_modfl             0x00001291         Code  Gb  modf.o [4]
__iar_program_start     0x00002c9b         Code  Gb  cstartup_M.o [5]
__iar_ui2d              0x0000134d         Code  Gb  I32ToDbl.o [4]
__iar_vfp_modf          0x00001279         Code  Gb  modf.o [4]
__iar_vfp_modfl         0x00001279         Code  Gb  modf.o [4]
__iar_zero_init3        0x00000bdd   0x22  Code  Gb  zero_init3.o [5]
__low_level_init        0x00002c57    0x4  Code  Gb  low_level_init.o [3]
__vector_table          0x00000000  0x410  Data  Gb  vectors.o [1]
_call_main              0x00002c49         Code  Gb  cmain.o [5]
_exit                   0x00002c61         Code  Gb  cexit.o [5]
_main                   0x00002c53         Code  Gb  cmain.o [5]
assert_failed           0x00002037   0x26  Code  Gb  MK60_conf.o [1]
bus_clk_khz             0x1fff0e10    0x4  Data  Gb  system_MK60DZ10.o [1]
common_startup          0x00002867   0x74  Code  Gb  system_MK60DZ10.o [1]
core_clk_khz            0x1fff0e08    0x4  Data  Gb  system_MK60DZ10.o [1]
core_clk_mhz            0x1fff0e0c    0x4  Data  Gb  system_MK60DZ10.o [1]
default_isr             0x000020f5   0x30  Code  Gb  MK60_conf.o [1]
exit                    0x00002c5b    0x4  Code  Gb  exit.o [3]
flash_cmd               0x1fff0be5   0x20  Code  Gb  MK60_flash.o [1]
flash_erase_sector      0x1fff0c29   0x5c  Code  Gb  MK60_flash.o [1]
flash_init              0x1fff0c05   0x24  Code  Gb  MK60_flash.o [1]
flash_write             0x1fff0c85   0xb2  Code  Gb  MK60_flash.o [1]
ftm_mod                 0x1fff0dc0   0x10  Data  Lc  MK60_ftm.o [1]
ftm_pwm_init            0x00001d6b  0x18a  Code  Gb  MK60_ftm.o [1]
ftm_quad_clean          0x00001f1d   0x28  Code  Gb  MK60_ftm.o [1]
ftm_quad_get            0x00001ef5   0x28  Code  Gb  MK60_ftm.o [1]
gpio_get                0x0000239b   0x3a  Code  Gb  MK60_gpio.o [1]
gpio_init               0x000022b5   0xae  Code  Gb  MK60_gpio.o [1]
gpio_turn               0x00002363   0x38  Code  Gb  MK60_gpio.o [1]
key_check               0x00002285   0x2a  Code  Gb  VCAN_key.o [1]
key_get                 0x0000226d   0x18  Code  Gb  VCAN_key.o [1]
key_init                0x0000221d   0x50  Code  Gb  VCAN_key.o [1]
led_init                0x00002149   0x38  Code  Gb  VCAN_LED.o [1]
led_turn                0x00002181   0x30  Code  Gb  VCAN_LED.o [1]
main                    0x00002959   0x40  Code  Gb  main.o [1]
mcg_cfg                 0x1fff0b3c   0x58  Data  Gb  MK60_mcg.o [1]
mcg_div                 0x1fff0b94    0x4  Data  Gb  MK60_mcg.o [1]
mcg_div_count           0x00001819  0x2e2  Code  Gb  MK60_mcg.o [1]
motor                   0x1fff0dd0   0x38  Data  Gb  Motor.o [1]
out_char                0x00002c8d    0xe  Code  Gb  io.o [1]
ov7725_eagle_img_buff   0x1fff0e14    0x4  Data  Gb  VCAN_OV7725_Eagle.o [1]
ov7725_eagle_img_flag   0x1fff0bd0    0x1  Data  Gb  VCAN_OV7725_Eagle.o [1]
ov7725_eagle_vsync      0x000029d9   0x4c  Code  Gb  VCAN_OV7725_Eagle.o [1]
pll_init                0x00001afb   0xb2  Code  Gb  MK60_mcg.o [1]
port_init               0x00001f5d   0x44  Code  Gb  MK60_port.o [1]
port_init_NoALT         0x00001fa1   0x62  Code  Gb  MK60_port.o [1]
printf                  0x00001233   0x1e  Code  Gb  printf.o [1]
printk                  0x00000daf  0x484  Code  Gb  printf.o [1]
printk_mkfloatnumstr    0x00000c9d   0xd6  Code  Lc  printf.o [1]
printk_mknumstr         0x00000c2d   0x70  Code  Lc  printf.o [1]
printk_pad_space        0x00000d91   0x1e  Code  Lc  printf.o [1]
printk_pad_zero         0x00000d73   0x1e  Code  Lc  printf.o [1]
printk_putc             0x00000c01   0x2c  Code  Lc  printf.o [1]
set_sys_dividers        0x1fff0d75   0x4c  Code  Gb  MK60_mcg.o [1]
start                   0x000027fd   0x2e  Code  Gb  system_MK60DZ10.o [1]
start_check             0x0000205d   0x98  Code  Gb  MK60_conf.o [1]
strlen                  0x0000166d         Code  Gb  strlen.o [5]
sysinit                 0x0000282b   0x3c  Code  Gb  system_MK60DZ10.o [1]
systick_delay           0x000021b9   0x36  Code  Gb  MK60_SysTick.o [1]
systick_delay_ms        0x000021ef   0x18  Code  Gb  MK60_SysTick.o [1]
uart_init               0x000023e1  0x1fc  Code  Gb  MK60_uart.o [1]
uart_putchar            0x000025dd   0x1a  Code  Gb  MK60_uart.o [1]
vector_str              0x1fff0410  0x708  Data  Gb  MK60_conf.o [1]
wdog_disable            0x00002919   0x16  Code  Gb  MK60_wdog.o [1]
wdog_unlock             0x0000292f   0x20  Code  Lc  MK60_wdog.o [1]
write_vtor              0x00002999   0x22  Code  Gb  misc.o [1]


[1] = A:\double\fly\Prj\IAR\FN15_Debug\Obj
[2] = command line
[3] = dl7M_tlf.a
[4] = m7M_tlv.a
[5] = rt7M_tl.a

  7 530 bytes of readonly  code memory
    492 bytes of readwrite code memory
  3 900 bytes of readonly  data memory
  2 073 bytes of readwrite data memory

Errors: none
Warnings: none
